🚀 Real Go PaaS Engine running on http://localhost:8080
2026/05/28 08:59:34 [WS logs] Incoming connection request for appId: "app-2"
2026/05/28 09:01:04 [app-1] ✨ Initializing environment for app: verify-app
2026/05/28 09:01:04 [app-1] 📦 Cloning repository https://github.com/NishargShah/nextjs-fullstack-typescript-boilerplate [branch: master]...
2026/05/28 09:01:05 [app-1] ✔ Repository cloned successfully.
2026/05/28 09:01:05 [app-1] ⚠️ No start script found in root package.json. Checking for monorepo configuration...
2026/05/28 09:01:05 [app-1] 💡 Detected monorepo web package at apps/web. Injecting root start command...
2026/05/28 09:01:05 [app-1] 🔍 Analyzing workspace configurations with Nixpacks...
2026/05/28 09:01:05 [app-1] 

2026/05/28 09:01:05 [app-1] ╔═══════════ Nixpacks v1.33.0 ══════════╗

2026/05/28 09:01:05 [app-1] ║ setup      │ nodejs_22, pnpm-9_x      ║

2026/05/28 09:01:05 [app-1] ║───────────────────────────────────────║

2026/05/28 09:01:05 [app-1] ║ install    │ pnpm i --frozen-lockfile ║

2026/05/28 09:01:05 [app-1] ║───────────────────────────────────────║

2026/05/28 09:01:05 [app-1] ║ build      │ pnpm run build           ║

2026/05/28 09:01:05 [app-1] ║───────────────────────────────────────║

2026/05/28 09:01:05 [app-1] ║ start      │ pnpm run start           ║

2026/05/28 09:01:05 [app-1] ╚═══════════════════════════════════════╝

2026/05/28 09:01:05 [app-1] 

2026/05/28 09:01:07 [app-1] #0 building with "desktop-linux" instance using docker driver

2026/05/28 09:01:07 [app-1] 

2026/05/28 09:01:07 [app-1] #1 [internal] load build definition from Dockerfile

2026/05/28 09:01:07 [app-1] #1 transferring dockerfile: 1.29kB 0.0s done

2026/05/28 09:01:07 [app-1] #1 DONE 0.0s

2026/05/28 09:01:07 [app-1] 

2026/05/28 09:01:07 [app-1] #2 [internal] load metadata for ghcr.io/railwayapp/nixpacks:ubuntu-1737417843

2026/05/28 09:01:08 [app-1] #2 DONE 0.8s

2026/05/28 09:01:08 [app-1] 

2026/05/28 09:01:08 [app-1] #3 [internal] load .dockerignore

2026/05/28 09:01:08 [app-1] #3 transferring context: 335B done

2026/05/28 09:01:08 [app-1] #3 DONE 0.0s

2026/05/28 09:01:08 [app-1] 

2026/05/28 09:01:08 [app-1] #4 [stage-0  1/10] FROM ghcr.io/railwayapp/nixpacks:ubuntu-1737417843@sha256:99124d3e9f0dd20395fcabe44688673ea351049999f982b2dbb8c56ec1d4e996

2026/05/28 09:01:08 [app-1] #4 DONE 0.0s

2026/05/28 09:01:08 [app-1] 

2026/05/28 09:01:08 [app-1] #5 [internal] load build context

2026/05/28 09:01:08 [app-1] #5 transferring context: 318.28kB 0.1s done

2026/05/28 09:01:08 [app-1] #5 DONE 0.2s

2026/05/28 09:01:08 [app-1] 

2026/05/28 09:01:08 [app-1] #6 [stage-0  2/10] WORKDIR /app/

2026/05/28 09:01:08 [app-1] #6 CACHED

2026/05/28 09:01:08 [app-1] 

2026/05/28 09:01:08 [app-1] #7 [stage-0  3/10] COPY .nixpacks/nixpkgs-5624e1334b26ddc18da37e132b6fa8e93b481468.nix .nixpacks/nixpkgs-5624e1334b26ddc18da37e132b6fa8e93b481468.nix

2026/05/28 09:01:08 [app-1] #7 CACHED

2026/05/28 09:01:08 [app-1] 

2026/05/28 09:01:08 [app-1] #8 [stage-0  4/10] RUN nix-env -if .nixpacks/nixpkgs-5624e1334b26ddc18da37e132b6fa8e93b481468.nix && nix-collect-garbage -d

2026/05/28 09:01:08 [app-1] #8 CACHED

2026/05/28 09:01:08 [app-1] 

2026/05/28 09:01:08 [app-1] #9 [stage-0  5/10] COPY . /app/.

2026/05/28 09:01:08 [app-1] #9 DONE 0.2s

2026/05/28 09:01:08 [app-1] 

2026/05/28 09:01:08 [app-1] #10 [stage-0  6/10] RUN --mount=type=cache,id=pkkUc1p0Bc-/root/local/share/pnpm/store/v3,target=/root/.local/share/pnpm/store/v3 pnpm i --frozen-lockfile

2026/05/28 09:01:11 [app-1] #10 2.762 apps/web                                 |  WARN  Unsupported engine: wanted: {"node":">=24.0.0"} (current: {"node":"v22.10.0","pnpm":"9.15.9"})

2026/05/28 09:01:11 [app-1] #10 2.762 configs/eslint-config                    |  WARN  Unsupported engine: wanted: {"node":">=24.0.0"} (current: {"node":"v22.10.0","pnpm":"9.15.9"})

2026/05/28 09:01:11 [app-1] #10 2.763 configs/lint-staged-config               |  WARN  Unsupported engine: wanted: {"node":">=24.0.0"} (current: {"node":"v22.10.0","pnpm":"9.15.9"})

2026/05/28 09:01:11 [app-1] #10 2.763 configs/prettier-config                  |  WARN  Unsupported engine: wanted: {"node":">=24.0.0"} (current: {"node":"v22.10.0","pnpm":"9.15.9"})

2026/05/28 09:01:11 [app-1] #10 2.763 configs/typescript-config                |  WARN  Unsupported engine: wanted: {"node":">=24.0.0"} (current: {"node":"v22.10.0","pnpm":"9.15.9"})

2026/05/28 09:01:11 [app-1] #10 2.764 packages/tailwind                        |  WARN  Unsupported engine: wanted: {"node":">=24.0.0"} (current: {"node":"v22.10.0","pnpm":"9.15.9"})

2026/05/28 09:01:11 [app-1] #10 2.764 packages/types                           |  WARN  Unsupported engine: wanted: {"node":">=24.0.0"} (current: {"node":"v22.10.0","pnpm":"9.15.9"})

2026/05/28 09:01:11 [app-1] #10 2.764 packages/ui                              |  WARN  Unsupported engine: wanted: {"node":">=24.0.0"} (current: {"node":"v22.10.0","pnpm":"9.15.9"})

2026/05/28 09:01:11 [app-1] #10 2.786 Scope: all 9 workspace projects

2026/05/28 09:01:11 [app-1] #10 2.844 Lockfile is up to date, resolution step is skipped

2026/05/28 09:01:11 [app-1] #10 2.993 Progress: resolved 1, reused 0, downloaded 0, added 0

2026/05/28 09:01:11 [app-1] #10 3.152 Packages: +456

2026/05/28 09:01:11 [app-1] #10 3.152 ++++++++++++++++++++++++++++++++++++++++++++++++++++++++++++++++++++++++++++++++

2026/05/28 09:01:12 [WS logs] Incoming connection request for appId: "app-1"
2026/05/28 09:01:12 [app-1] #10 4.018 Progress: resolved 456, reused 0, downloaded 121, added 120

2026/05/28 09:01:13 [app-1] #10 5.017 Progress: resolved 456, reused 0, downloaded 221, added 221

2026/05/28 09:01:14 [app-1] #10 6.093 Progress: resolved 456, reused 0, downloaded 376, added 373

2026/05/28 09:01:15 [app-1] #10 7.103 Progress: resolved 456, reused 0, downloaded 454, added 454

2026/05/28 09:01:19 [app-1] #10 10.73 Progress: resolved 456, reused 0, downloaded 455, added 454

2026/05/28 09:01:20 [app-1] #10 11.73 Progress: resolved 456, reused 0, downloaded 456, added 454

2026/05/28 09:01:20 [WS logs] Connection closed for appId: "app-1"
2026/05/28 09:01:21 [app-1] #10 12.73 Progress: resolved 456, reused 0, downloaded 456, added 455

2026/05/28 09:01:23 [app-1] #10 14.72 Progress: resolved 456, reused 0, downloaded 456, added 456

2026/05/28 09:01:23 [app-1] #10 14.73 Progress: resolved 456, reused 0, downloaded 456, added 456, done

2026/05/28 09:01:24 [app-1] #10 15.50 .../node_modules/unrs-resolver postinstall$ napi-postinstall unrs-resolver 1.11.1 check

2026/05/28 09:01:24 [app-1] #10 15.50 .../sharp@0.34.5/node_modules/sharp install$ node install/check.js || npm run build

2026/05/28 09:01:24 [app-1] #10 15.80 .../node_modules/unrs-resolver postinstall: Done

2026/05/28 09:01:24 [app-1] #10 15.86 .../sharp@0.34.5/node_modules/sharp install: Done

2026/05/28 09:01:24 [app-1] #10 15.99 

2026/05/28 09:01:24 [app-1] #10 15.99 devDependencies:

2026/05/28 09:01:24 [app-1] #10 15.99 + @repo/eslint-config 0.0.1 <- configs/eslint-config

2026/05/28 09:01:24 [app-1] #10 15.99 + @repo/lint-staged-config 0.0.1 <- configs/lint-staged-config

2026/05/28 09:01:24 [app-1] #10 15.99 + @repo/prettier-config 0.0.1 <- configs/prettier-config

2026/05/28 09:01:24 [app-1] #10 15.99 + @types/node 24.12.4

2026/05/28 09:01:24 [app-1] #10 15.99 + eslint 9.39.4

2026/05/28 09:01:24 [app-1] #10 15.99 + husky 9.1.7

2026/05/28 09:01:24 [app-1] #10 15.99 + lint-staged 17.0.5

2026/05/28 09:01:24 [app-1] #10 15.99 + prettier 3.8.3

2026/05/28 09:01:24 [app-1] #10 15.99 + prettier-plugin-packagejson 3.0.2

2026/05/28 09:01:24 [app-1] #10 15.99 + prettier-plugin-tailwindcss 0.8.0

2026/05/28 09:01:24 [app-1] #10 15.99 + tsc-files 1.1.4

2026/05/28 09:01:24 [app-1] #10 15.99 + typescript 6.0.3

2026/05/28 09:01:24 [app-1] #10 15.99 

2026/05/28 09:01:24 [app-1] #10 16.00 . prepare$ husky || true

2026/05/28 09:01:24 [app-1] #10 16.08 . prepare: .git can't be found

2026/05/28 09:01:24 [app-1] #10 16.08 . prepare: Done

2026/05/28 09:01:24 [app-1] #10 16.17 Done in 15.5s using pnpm v9.15.9

2026/05/28 09:01:25 [app-1] #10 DONE 17.3s

2026/05/28 09:01:26 [app-1] 

2026/05/28 09:01:26 [app-1] #11 [stage-0  7/10] COPY . /app/.

2026/05/28 09:01:26 [app-1] #11 DONE 0.3s

2026/05/28 09:01:26 [app-1] 

2026/05/28 09:01:26 [app-1] #12 [stage-0  8/10] RUN --mount=type=cache,id=pkkUc1p0Bc-apps/web/next/cache,target=/app/apps/web/.next/cache --mount=type=cache,id=pkkUc1p0Bc-node_modules/cache,target=/app/node_modules/.cache --mount=type=cache,id=pkkUc1p0Bc-packages/ui/next/cache,target=/app/packages/ui/.next/cache pnpm run build

2026/05/28 09:01:27 [app-1] #12 0.980 

2026/05/28 09:01:27 [app-1] #12 0.980 > @repo/project@0.0.1 build /app

2026/05/28 09:01:27 [app-1] #12 0.980 > pnpm -r build

2026/05/28 09:01:27 [app-1] #12 0.980 

2026/05/28 09:01:27 [app-1] #12 1.391 apps/web                                 |  WARN  Unsupported engine: wanted: {"node":">=24.0.0"} (current: {"node":"v22.10.0","pnpm":"9.15.9"})

2026/05/28 09:01:27 [app-1] #12 1.392 configs/eslint-config                    |  WARN  Unsupported engine: wanted: {"node":">=24.0.0"} (current: {"node":"v22.10.0","pnpm":"9.15.9"})

2026/05/28 09:01:27 [app-1] #12 1.392 configs/lint-staged-config               |  WARN  Unsupported engine: wanted: {"node":">=24.0.0"} (current: {"node":"v22.10.0","pnpm":"9.15.9"})

2026/05/28 09:01:27 [app-1] #12 1.392 configs/prettier-config                  |  WARN  Unsupported engine: wanted: {"node":">=24.0.0"} (current: {"node":"v22.10.0","pnpm":"9.15.9"})

2026/05/28 09:01:27 [app-1] #12 1.393 configs/typescript-config                |  WARN  Unsupported engine: wanted: {"node":">=24.0.0"} (current: {"node":"v22.10.0","pnpm":"9.15.9"})

2026/05/28 09:01:27 [app-1] #12 1.393 packages/tailwind                        |  WARN  Unsupported engine: wanted: {"node":">=24.0.0"} (current: {"node":"v22.10.0","pnpm":"9.15.9"})

2026/05/28 09:01:27 [app-1] #12 1.394 packages/types                           |  WARN  Unsupported engine: wanted: {"node":">=24.0.0"} (current: {"node":"v22.10.0","pnpm":"9.15.9"})

2026/05/28 09:01:27 [app-1] #12 1.394 packages/ui                              |  WARN  Unsupported engine: wanted: {"node":">=24.0.0"} (current: {"node":"v22.10.0","pnpm":"9.15.9"})

2026/05/28 09:01:27 [app-1] #12 1.404 Scope: 8 of 9 workspace projects

2026/05/28 09:01:27 [app-1] #12 1.406 apps/web build$ next build

2026/05/28 09:01:28 [app-1] #12 1.840 apps/web build: Attention: Next.js now collects completely anonymous telemetry regarding usage.

2026/05/28 09:01:28 [app-1] #12 1.846 apps/web build: This information is used to shape Next.js' roadmap and prioritize features.

2026/05/28 09:01:28 [app-1] #12 1.847 apps/web build: You can learn more, including how to opt-out if you'd not like to participate in this anonymous program, by visiting the following URL:

2026/05/28 09:01:28 [app-1] #12 1.847 apps/web build: https://nextjs.org/telemetry

2026/05/28 09:01:28 [app-1] #12 1.883 apps/web build: ▲ Next.js 16.2.6 (Turbopack)

2026/05/28 09:01:28 [app-1] #12 1.931 apps/web build:   Creating an optimized production build ...

2026/05/28 09:01:31 [app-1] #12 5.710 apps/web build: ✓ Compiled successfully in 3.5s

2026/05/28 09:01:32 [app-1] #12 5.726 apps/web build:   Running TypeScript ...

2026/05/28 09:01:34 [app-1] #12 8.623 apps/web build:   Finished TypeScript in 2.9s ...

2026/05/28 09:01:35 [app-1] #12 8.632 apps/web build:   Collecting page data using 7 workers ...

2026/05/28 09:01:35 [app-1] #12 9.307 apps/web build:   Generating static pages using 7 workers (0/13) ...

2026/05/28 09:01:35 [app-1] #12 9.410 apps/web build:   Generating static pages using 7 workers (3/13) 

2026/05/28 09:01:35 [app-1] #12 9.468 apps/web build:   Generating static pages using 7 workers (6/13) 

2026/05/28 09:01:35 [app-1] #12 9.537 apps/web build:   Generating static pages using 7 workers (9/13) 

2026/05/28 09:01:35 [app-1] #12 9.546 apps/web build: ✓ Generating static pages using 7 workers (13/13) in 254ms

2026/05/28 09:01:35 [app-1] #12 9.551 apps/web build:   Finalizing page optimization ...

2026/05/28 09:01:35 [app-1] #12 9.569 apps/web build: Route (app)

2026/05/28 09:01:35 [app-1] #12 9.569 apps/web build: ┌ ƒ /

2026/05/28 09:01:35 [app-1] #12 9.569 apps/web build: ├ ƒ /_not-found

2026/05/28 09:01:35 [app-1] #12 9.569 apps/web build: ├ ƒ /about

2026/05/28 09:01:35 [app-1] #12 9.570 apps/web build: ├ ƒ /api

2026/05/28 09:01:35 [app-1] #12 9.570 apps/web build: ├ ƒ /api/auth/login

2026/05/28 09:01:35 [app-1] #12 9.570 apps/web build: ├ ƒ /api/user/profile/logout

2026/05/28 09:01:35 [app-1] #12 9.571 apps/web build: ├ ƒ /api/user/profile/me

2026/05/28 09:01:35 [app-1] #12 9.571 apps/web build: ├ ƒ /api/users

2026/05/28 09:01:35 [app-1] #12 9.571 apps/web build: ├ ƒ /app

2026/05/28 09:01:35 [app-1] #12 9.571 apps/web build: ├ ƒ /app/logout

2026/05/28 09:01:35 [app-1] #12 9.571 apps/web build: ├ ƒ /app/users

2026/05/28 09:01:35 [app-1] #12 9.571 apps/web build: └ ƒ /login

2026/05/28 09:01:35 [app-1] #12 9.571 apps/web build: ƒ Proxy (Middleware)

2026/05/28 09:01:35 [app-1] #12 9.571 apps/web build: ƒ  (Dynamic)  server-rendered on demand

2026/05/28 09:01:36 [app-1] #12 9.789 apps/web build: Done

2026/05/28 09:01:36 [app-1] #12 DONE 9.9s

2026/05/28 09:01:36 [app-1] 

2026/05/28 09:01:36 [app-1] #13 [stage-0  9/10] RUN printf '\nPATH=/app/node_modules/.bin:$PATH' >> /root/.profile

2026/05/28 09:01:36 [app-1] #13 DONE 0.2s

2026/05/28 09:01:36 [app-1] 

2026/05/28 09:01:36 [app-1] #14 [stage-0 10/10] COPY . /app

2026/05/28 09:01:36 [app-1] #14 DONE 0.1s

2026/05/28 09:01:36 [app-1] 

2026/05/28 09:01:36 [app-1] #15 exporting to image

2026/05/28 09:01:36 [app-1] #15 exporting layers

2026/05/28 09:01:39 [app-1] #15 exporting layers 3.0s done

2026/05/28 09:01:39 [app-1] #15 writing image sha256:cdcd216975036c855f2aaf2ba3c6b9b46d449b4f0da3ae23e8f352e6c5432103 done

2026/05/28 09:01:39 [app-1] #15 naming to docker.io/library/verify-app done

2026/05/28 09:01:39 [app-1] #15 DONE 3.0s

2026/05/28 09:01:39 [app-1] 

2026/05/28 09:01:39 [app-1]  [33m1 warning found (use docker --debug to expand):

2026/05/28 09:01:39 [app-1] [0m - UndefinedVar: Usage of undefined variable '$NIXPACKS_PATH' (line 18)

2026/05/28 09:01:39 [app-1] 

2026/05/28 09:01:39 [app-1] View build details: docker-desktop://dashboard/build/desktop-linux/desktop-linux/syza65hemcs09ac8oon7cxtoz

2026/05/28 09:01:39 [app-1] === Successfully Built! ===

2026/05/28 09:01:39 [app-1] 

2026/05/28 09:01:39 [app-1] Run:

2026/05/28 09:01:39 [app-1]   docker run -it verify-app

2026/05/28 09:01:39 [app-1] ✔ Docker image built successfully!
2026/05/28 09:01:39 [app-1] 🧹 Pruning previous container instances...
2026/05/28 09:01:39 [app-1] 🚀 Deploying container (host :9573 -> container :9573)...
2026/05/28 09:01:40 [app-1] 🚀 Zero-downtime rolling deploy finished! Deployed service live at: http://localhost:9573
2026/05/28 09:04:40 [WS runtime-logs] Incoming connection request for appId: "app-1"
2026/05/28 09:17:22 [WS logs] Incoming connection request for appId: "app-1"
2026/05/28 09:17:30 [WS runtime-logs] Incoming connection request for appId: "app-1"
2026/05/28 09:17:42 [WS runtime-logs] Incoming connection request for appId: "app-1"
2026/05/28 09:17:59 [app-2] ✨ Initializing environment for app: new-one
2026/05/28 09:17:59 [app-2] 📦 Cloning repository https://github.com/NishargShah/nextjs-fullstack-typescript-boilerplate [branch: master]...
2026/05/28 09:17:59 [WS logs] Connection closed for appId: "app-2"
2026/05/28 09:17:59 [WS logs] Incoming connection request for appId: "app-2"
2026/05/28 09:18:00 [app-2] ✔ Repository cloned successfully.
2026/05/28 09:18:00 [app-2] ⚠️ No start script found in root package.json. Checking for monorepo configuration...
2026/05/28 09:18:00 [app-2] 💡 Detected monorepo web package at apps/web. Injecting root start command...
2026/05/28 09:18:00 [app-2] 🔍 Analyzing workspace configurations with Nixpacks...
2026/05/28 09:18:00 [app-2] 

2026/05/28 09:18:00 [app-2] ╔═══════════ Nixpacks v1.33.0 ══════════╗

2026/05/28 09:18:00 [app-2] ║ setup      │ nodejs_22, pnpm-9_x      ║

2026/05/28 09:18:00 [app-2] ║───────────────────────────────────────║

2026/05/28 09:18:00 [app-2] ║ install    │ pnpm i --frozen-lockfile ║

2026/05/28 09:18:00 [app-2] ║───────────────────────────────────────║

2026/05/28 09:18:00 [app-2] ║ build      │ pnpm run build           ║

2026/05/28 09:18:00 [app-2] ║───────────────────────────────────────║

2026/05/28 09:18:00 [app-2] ║ start      │ pnpm run start           ║

2026/05/28 09:18:00 [app-2] ╚═══════════════════════════════════════╝

2026/05/28 09:18:00 [app-2] 

2026/05/28 09:18:02 [app-2] #0 building with "desktop-linux" instance using docker driver

2026/05/28 09:18:02 [app-2] 

2026/05/28 09:18:02 [app-2] #1 [internal] load build definition from Dockerfile

2026/05/28 09:18:02 [app-2] #1 transferring dockerfile: 1.29kB 0.0s done

2026/05/28 09:18:02 [app-2] #1 DONE 0.0s

2026/05/28 09:18:02 [app-2] 

2026/05/28 09:18:02 [app-2] #2 [internal] load metadata for ghcr.io/railwayapp/nixpacks:ubuntu-1737417843

2026/05/28 09:18:03 [app-2] #2 DONE 0.9s

2026/05/28 09:18:03 [app-2] 

2026/05/28 09:18:03 [app-2] #3 [internal] load .dockerignore

2026/05/28 09:18:03 [app-2] #3 transferring context: 335B done

2026/05/28 09:18:03 [app-2] #3 DONE 0.0s

2026/05/28 09:18:03 [app-2] 

2026/05/28 09:18:03 [app-2] #4 [stage-0  1/10] FROM ghcr.io/railwayapp/nixpacks:ubuntu-1737417843@sha256:99124d3e9f0dd20395fcabe44688673ea351049999f982b2dbb8c56ec1d4e996

2026/05/28 09:18:03 [app-2] #4 DONE 0.0s

2026/05/28 09:18:03 [app-2] 

2026/05/28 09:18:03 [app-2] #5 [internal] load build context

2026/05/28 09:18:03 [app-2] #5 transferring context: 318.28kB 0.1s done

2026/05/28 09:18:03 [app-2] #5 DONE 0.1s

2026/05/28 09:18:03 [app-2] 

2026/05/28 09:18:03 [app-2] #6 [stage-0  2/10] WORKDIR /app/

2026/05/28 09:18:03 [app-2] #6 CACHED

2026/05/28 09:18:03 [app-2] 

2026/05/28 09:18:03 [app-2] #7 [stage-0  3/10] COPY .nixpacks/nixpkgs-5624e1334b26ddc18da37e132b6fa8e93b481468.nix .nixpacks/nixpkgs-5624e1334b26ddc18da37e132b6fa8e93b481468.nix

2026/05/28 09:18:03 [app-2] #7 CACHED

2026/05/28 09:18:03 [app-2] 

2026/05/28 09:18:03 [app-2] #8 [stage-0  4/10] RUN nix-env -if .nixpacks/nixpkgs-5624e1334b26ddc18da37e132b6fa8e93b481468.nix && nix-collect-garbage -d

2026/05/28 09:18:03 [app-2] #8 CACHED

2026/05/28 09:18:03 [app-2] 

2026/05/28 09:18:03 [app-2] #9 [stage-0  5/10] COPY . /app/.

2026/05/28 09:18:03 [app-2] #9 DONE 0.2s

2026/05/28 09:18:03 [app-2] 

2026/05/28 09:18:03 [app-2] #10 [stage-0  6/10] RUN --mount=type=cache,id=ndmZYQADbVg-/root/local/share/pnpm/store/v3,target=/root/.local/share/pnpm/store/v3 pnpm i --frozen-lockfile

2026/05/28 09:18:04 [app-2] #10 1.276 apps/web                                 |  WARN  Unsupported engine: wanted: {"node":">=24.0.0"} (current: {"node":"v22.10.0","pnpm":"9.15.9"})

2026/05/28 09:18:05 [app-2] #10 1.277 configs/eslint-config                    |  WARN  Unsupported engine: wanted: {"node":">=24.0.0"} (current: {"node":"v22.10.0","pnpm":"9.15.9"})

2026/05/28 09:18:05 [app-2] #10 1.277 configs/lint-staged-config               |  WARN  Unsupported engine: wanted: {"node":">=24.0.0"} (current: {"node":"v22.10.0","pnpm":"9.15.9"})

2026/05/28 09:18:05 [app-2] #10 1.277 configs/prettier-config                  |  WARN  Unsupported engine: wanted: {"node":">=24.0.0"} (current: {"node":"v22.10.0","pnpm":"9.15.9"})

2026/05/28 09:18:05 [app-2] #10 1.278 configs/typescript-config                |  WARN  Unsupported engine: wanted: {"node":">=24.0.0"} (current: {"node":"v22.10.0","pnpm":"9.15.9"})

2026/05/28 09:18:05 [app-2] #10 1.279 packages/tailwind                        |  WARN  Unsupported engine: wanted: {"node":">=24.0.0"} (current: {"node":"v22.10.0","pnpm":"9.15.9"})

2026/05/28 09:18:05 [app-2] #10 1.279 packages/types                           |  WARN  Unsupported engine: wanted: {"node":">=24.0.0"} (current: {"node":"v22.10.0","pnpm":"9.15.9"})

2026/05/28 09:18:05 [app-2] #10 1.279 packages/ui                              |  WARN  Unsupported engine: wanted: {"node":">=24.0.0"} (current: {"node":"v22.10.0","pnpm":"9.15.9"})

2026/05/28 09:18:05 [app-2] #10 1.286 Scope: all 9 workspace projects

2026/05/28 09:18:05 [app-2] #10 1.324 Lockfile is up to date, resolution step is skipped

2026/05/28 09:18:05 [app-2] #10 1.356 Progress: resolved 1, reused 0, downloaded 0, added 0

2026/05/28 09:18:05 [app-2] #10 1.720 Packages: +456

2026/05/28 09:18:05 [app-2] #10 1.720 ++++++++++++++++++++++++++++++++++++++++++++++++++++++++++++++++++++++++++++++++

2026/05/28 09:18:05 [app-2] #10 2.357 Progress: resolved 456, reused 0, downloaded 13, added 9

2026/05/28 09:18:06 [app-2] #10 3.362 Progress: resolved 456, reused 0, downloaded 156, added 153

2026/05/28 09:18:07 [app-2] #10 4.380 Progress: resolved 456, reused 0, downloaded 296, added 293

2026/05/28 09:18:08 [app-2] #10 5.382 Progress: resolved 456, reused 0, downloaded 418, added 413

2026/05/28 09:18:09 [app-2] #10 6.386 Progress: resolved 456, reused 0, downloaded 454, added 454

2026/05/28 09:18:13 [app-2] #10 10.26 Progress: resolved 456, reused 0, downloaded 455, added 454

2026/05/28 09:18:15 [app-2] #10 11.63 Progress: resolved 456, reused 0, downloaded 455, added 455

2026/05/28 09:18:16 [app-2] #10 12.64 Progress: resolved 456, reused 0, downloaded 456, added 455

2026/05/28 09:18:17 [app-2] #10 13.53 Progress: resolved 456, reused 0, downloaded 456, added 456, done

2026/05/28 09:18:17 [app-2] #10 13.92 .../sharp@0.34.5/node_modules/sharp install$ node install/check.js || npm run build

2026/05/28 09:18:17 [app-2] #10 13.92 .../node_modules/unrs-resolver postinstall$ napi-postinstall unrs-resolver 1.11.1 check

2026/05/28 09:18:17 [app-2] #10 14.12 .../node_modules/unrs-resolver postinstall: Done

2026/05/28 09:18:17 [app-2] #10 14.16 .../sharp@0.34.5/node_modules/sharp install: Done

2026/05/28 09:18:17 [app-2] #10 14.27 

2026/05/28 09:18:17 [app-2] #10 14.27 devDependencies:

2026/05/28 09:18:17 [app-2] #10 14.27 + @repo/eslint-config 0.0.1 <- configs/eslint-config

2026/05/28 09:18:17 [app-2] #10 14.27 + @repo/lint-staged-config 0.0.1 <- configs/lint-staged-config

2026/05/28 09:18:17 [app-2] #10 14.27 + @repo/prettier-config 0.0.1 <- configs/prettier-config

2026/05/28 09:18:17 [app-2] #10 14.27 + @types/node 24.12.4

2026/05/28 09:18:17 [app-2] #10 14.27 + eslint 9.39.4

2026/05/28 09:18:17 [app-2] #10 14.27 + husky 9.1.7

2026/05/28 09:18:17 [app-2] #10 14.27 + lint-staged 17.0.5

2026/05/28 09:18:17 [app-2] #10 14.27 + prettier 3.8.3

2026/05/28 09:18:17 [app-2] #10 14.27 + prettier-plugin-packagejson 3.0.2

2026/05/28 09:18:17 [app-2] #10 14.27 + prettier-plugin-tailwindcss 0.8.0

2026/05/28 09:18:17 [app-2] #10 14.27 + tsc-files 1.1.4

2026/05/28 09:18:17 [app-2] #10 14.27 + typescript 6.0.3

2026/05/28 09:18:17 [app-2] #10 14.27 

2026/05/28 09:18:17 [app-2] #10 14.28 . prepare$ husky || true

2026/05/28 09:18:17 [app-2] #10 14.39 . prepare: .git can't be found

2026/05/28 09:18:18 [app-2] #10 14.39 . prepare: Done

2026/05/28 09:18:18 [app-2] #10 14.43 Done in 13.7s using pnpm v9.15.9

2026/05/28 09:18:18 [app-2] #10 DONE 14.8s

2026/05/28 09:18:18 [app-2] 

2026/05/28 09:18:18 [app-2] #11 [stage-0  7/10] COPY . /app/.

2026/05/28 09:18:18 [app-2] #11 DONE 0.1s

2026/05/28 09:18:18 [app-2] 

2026/05/28 09:18:18 [app-2] #12 [stage-0  8/10] RUN --mount=type=cache,id=ndmZYQADbVg-apps/web/next/cache,target=/app/apps/web/.next/cache --mount=type=cache,id=ndmZYQADbVg-node_modules/cache,target=/app/node_modules/.cache --mount=type=cache,id=ndmZYQADbVg-packages/ui/next/cache,target=/app/packages/ui/.next/cache pnpm run build

2026/05/28 09:18:18 [app-2] #12 0.471 

2026/05/28 09:18:18 [app-2] #12 0.471 > @repo/project@0.0.1 build /app

2026/05/28 09:18:18 [app-2] #12 0.471 > pnpm -r build

2026/05/28 09:18:18 [app-2] #12 0.471 

2026/05/28 09:18:19 [app-2] #12 0.771 apps/web                                 |  WARN  Unsupported engine: wanted: {"node":">=24.0.0"} (current: {"node":"v22.10.0","pnpm":"9.15.9"})

2026/05/28 09:18:19 [app-2] #12 0.773 configs/eslint-config                    |  WARN  Unsupported engine: wanted: {"node":">=24.0.0"} (current: {"node":"v22.10.0","pnpm":"9.15.9"})

2026/05/28 09:18:19 [app-2] #12 0.774 configs/lint-staged-config               |  WARN  Unsupported engine: wanted: {"node":">=24.0.0"} (current: {"node":"v22.10.0","pnpm":"9.15.9"})

2026/05/28 09:18:19 [app-2] #12 0.774 configs/prettier-config                  |  WARN  Unsupported engine: wanted: {"node":">=24.0.0"} (current: {"node":"v22.10.0","pnpm":"9.15.9"})

2026/05/28 09:18:19 [app-2] #12 0.774 configs/typescript-config                |  WARN  Unsupported engine: wanted: {"node":">=24.0.0"} (current: {"node":"v22.10.0","pnpm":"9.15.9"})

2026/05/28 09:18:19 [app-2] #12 0.775 packages/tailwind                        |  WARN  Unsupported engine: wanted: {"node":">=24.0.0"} (current: {"node":"v22.10.0","pnpm":"9.15.9"})

2026/05/28 09:18:19 [app-2] #12 0.775 packages/types                           |  WARN  Unsupported engine: wanted: {"node":">=24.0.0"} (current: {"node":"v22.10.0","pnpm":"9.15.9"})

2026/05/28 09:18:19 [app-2] #12 0.776 packages/ui                              |  WARN  Unsupported engine: wanted: {"node":">=24.0.0"} (current: {"node":"v22.10.0","pnpm":"9.15.9"})

2026/05/28 09:18:19 [app-2] #12 0.790 Scope: 8 of 9 workspace projects

2026/05/28 09:18:19 [app-2] #12 0.800 apps/web build$ next build

2026/05/28 09:18:19 [app-2] #12 1.485 apps/web build: Attention: Next.js now collects completely anonymous telemetry regarding usage.

2026/05/28 09:18:19 [app-2] #12 1.485 apps/web build: This information is used to shape Next.js' roadmap and prioritize features.

2026/05/28 09:18:19 [app-2] #12 1.485 apps/web build: You can learn more, including how to opt-out if you'd not like to participate in this anonymous program, by visiting the following URL:

2026/05/28 09:18:19 [app-2] #12 1.485 apps/web build: https://nextjs.org/telemetry

2026/05/28 09:18:20 [app-2] #12 1.516 apps/web build: ▲ Next.js 16.2.6 (Turbopack)

2026/05/28 09:18:20 [app-2] #12 1.614 apps/web build:   Creating an optimized production build ...

2026/05/28 09:18:24 [app-2] #12 6.260 apps/web build: ✓ Compiled successfully in 4.2s

2026/05/28 09:18:24 [app-2] #12 6.292 apps/web build:   Running TypeScript ...

2026/05/28 09:18:27 [app-2] #12 8.976 apps/web build:   Finished TypeScript in 2.7s ...

2026/05/28 09:18:27 [app-2] #12 8.984 apps/web build:   Collecting page data using 7 workers ...

2026/05/28 09:18:27 [app-2] #12 9.530 apps/web build:   Generating static pages using 7 workers (0/13) ...

2026/05/28 09:18:28 [app-2] #12 9.625 apps/web build:   Generating static pages using 7 workers (3/13) 

2026/05/28 09:18:28 [app-2] #12 9.653 apps/web build:   Generating static pages using 7 workers (6/13) 

2026/05/28 09:18:28 [app-2] #12 9.679 apps/web build:   Generating static pages using 7 workers (9/13) 

2026/05/28 09:18:28 [app-2] #12 9.698 apps/web build: ✓ Generating static pages using 7 workers (13/13) in 169ms

2026/05/28 09:18:28 [app-2] #12 9.704 apps/web build:   Finalizing page optimization ...

2026/05/28 09:18:28 [app-2] #12 9.717 apps/web build: Route (app)

2026/05/28 09:18:28 [app-2] #12 9.717 apps/web build: ┌ ƒ /

2026/05/28 09:18:28 [app-2] #12 9.717 apps/web build: ├ ƒ /_not-found

2026/05/28 09:18:28 [app-2] #12 9.717 apps/web build: ├ ƒ /about

2026/05/28 09:18:28 [app-2] #12 9.718 apps/web build: ├ ƒ /api

2026/05/28 09:18:28 [app-2] #12 9.718 apps/web build: ├ ƒ /api/auth/login

2026/05/28 09:18:28 [app-2] #12 9.718 apps/web build: ├ ƒ /api/user/profile/logout

2026/05/28 09:18:28 [app-2] #12 9.718 apps/web build: ├ ƒ /api/user/profile/me

2026/05/28 09:18:28 [app-2] #12 9.718 apps/web build: ├ ƒ /api/users

2026/05/28 09:18:28 [app-2] #12 9.718 apps/web build: ├ ƒ /app

2026/05/28 09:18:28 [app-2] #12 9.718 apps/web build: ├ ƒ /app/logout

2026/05/28 09:18:28 [app-2] #12 9.718 apps/web build: ├ ƒ /app/users

2026/05/28 09:18:28 [app-2] #12 9.718 apps/web build: └ ƒ /login

2026/05/28 09:18:28 [app-2] #12 9.718 apps/web build: ƒ Proxy (Middleware)

2026/05/28 09:18:28 [app-2] #12 9.718 apps/web build: ƒ  (Dynamic)  server-rendered on demand

2026/05/28 09:18:28 [app-2] #12 10.01 apps/web build: Done

2026/05/28 09:18:28 [app-2] #12 DONE 10.2s

2026/05/28 09:18:28 [app-2] 

2026/05/28 09:18:28 [app-2] #13 [stage-0  9/10] RUN printf '\nPATH=/app/node_modules/.bin:$PATH' >> /root/.profile

2026/05/28 09:18:29 [app-2] #13 DONE 0.4s

2026/05/28 09:18:29 [app-2] 

2026/05/28 09:18:29 [app-2] #14 [stage-0 10/10] COPY . /app

2026/05/28 09:18:29 [app-2] #14 DONE 0.1s

2026/05/28 09:18:29 [app-2] 

2026/05/28 09:18:29 [app-2] #15 exporting to image

2026/05/28 09:18:29 [app-2] #15 exporting layers

2026/05/28 09:18:34 [app-2] #15 exporting layers 5.6s done

2026/05/28 09:18:34 [app-2] #15 writing image sha256:019c86f677f92c66f71123f54d96f5c4d96f588a643f3cafe45f01cb0f5b5f2d done

2026/05/28 09:18:34 [app-2] #15 naming to docker.io/library/new-one done

2026/05/28 09:18:34 [app-2] #15 DONE 5.7s

2026/05/28 09:18:34 [app-2] 

2026/05/28 09:18:34 [app-2]  [33m1 warning found (use docker --debug to expand):

2026/05/28 09:18:34 [app-2] [0m - UndefinedVar: Usage of undefined variable '$NIXPACKS_PATH' (line 18)

2026/05/28 09:18:34 [app-2] 

2026/05/28 09:18:34 [app-2] View build details: docker-desktop://dashboard/build/desktop-linux/desktop-linux/i9onpllkquc1u3f126rblw013

2026/05/28 09:18:35 [app-2] === Successfully Built! ===

2026/05/28 09:18:35 [app-2] 

2026/05/28 09:18:35 [app-2] Run:

2026/05/28 09:18:35 [app-2]   docker run -it new-one

2026/05/28 09:18:35 [app-2] ✔ Docker image built successfully!
2026/05/28 09:18:35 [app-2] 🧹 Pruning previous container instances...
